src/pages/VaultLibrary.tsx(35,20): error TS2367: This comparison appears to be unintentional because the types 'VaultCategory' and '"all"' have no overlap.
